// Jest Snapshot v1, https://goo.gl/fbAQLP

exports[`Test generateGitPackObjectsFromFile.test, which generates brief objects from file: Test on one of the pack file 1`] = `
{
  "packDeltaObjects": [
    GitObject {
      "bodyOffsetEndIndex": 6810,
      "bodyOffsetStartIndex": 6501,
      "data": undefined,
      "filePath": "gitTest/.git/objects/pack/pack-393d82d9c95f8a620e22ea171f2ab8c4f5986722.pack",
      "hash": "b97386999fd97d016336e55aee8495edb2b8adc6",
      "prefix": "b9",
      "size": 330,
      "suffix": "7386999fd97d016336e55aee8495edb2b8adc6",
      "type": "ofs_delta",
    },
    GitObject {
      "bodyOffsetEndIndex": 6878,
      "bodyOffsetStartIndex": 6812,
      "data": undefined,
      "filePath": "gitTest/.git/objects/pack/pack-393d82d9c95f8a620e22ea171f2ab8c4f5986722.pack",
      "hash": "2053f710e86c280bb6621f4a9ff1a345aa26041e",
      "prefix": "20",
      "size": 53,
      "suffix": "53f710e86c280bb6621f4a9ff1a345aa26041e",
      "type": "ofs_delta",
    },
    GitObject {
      "bodyOffsetEndIndex": 8678,
      "bodyOffsetStartIndex": 8615,
      "data": undefined,
      "filePath": "gitTest/.git/objects/pack/pack-393d82d9c95f8a620e22ea171f2ab8c4f5986722.pack",
      "hash": "2eefa85299e43d53f02dbc44039d46a100b9acf3",
      "prefix": "2e",
      "size": 32,
      "suffix": "efa85299e43d53f02dbc44039d46a100b9acf3",
      "type": "ref_delta",
    },
    GitObject {
      "bodyOffsetEndIndex": 8741,
      "bodyOffsetStartIndex": 8680,
      "data": undefined,
      "filePath": "gitTest/.git/objects/pack/pack-393d82d9c95f8a620e22ea171f2ab8c4f5986722.pack",
      "hash": "52977da46292f4d8e264d95db8050f007ccfc618",
      "prefix": "52",
      "size": 32,
      "suffix": "977da46292f4d8e264d95db8050f007ccfc618",
      "type": "ref_delta",
    },
    GitObject {
      "bodyOffsetEndIndex": 8836,
      "bodyOffsetStartIndex": 8743,
      "data": undefined,
      "filePath": "gitTest/.git/objects/pack/pack-393d82d9c95f8a620e22ea171f2ab8c4f5986722.pack",
      "hash": "645ce7b8383409756b88e5ca36bb2c88f81b898f",
      "prefix": "64",
      "size": 62,
      "suffix": "5ce7b8383409756b88e5ca36bb2c88f81b898f",
      "type": "ref_delta",
    },
    GitObject {
      "bodyOffsetEndIndex": 9012,
      "bodyOffsetStartIndex": 8838,
      "data": undefined,
      "filePath": "gitTest/.git/objects/pack/pack-393d82d9c95f8a620e22ea171f2ab8c4f5986722.pack",
      "hash": "c87dc2e14e226ff210cf24bcf4553289a2547a4f",
      "prefix": "c8",
      "size": 226,
      "suffix": "7dc2e14e226ff210cf24bcf4553289a2547a4f",
      "type": "ref_delta",
    },
    GitObject {
      "bodyOffsetEndIndex": 9137,
      "bodyOffsetStartIndex": 9014,
      "data": undefined,
      "filePath": "gitTest/.git/objects/pack/pack-393d82d9c95f8a620e22ea171f2ab8c4f5986722.pack",
      "hash": "49dbd82ac393bddef208af7e7414400be59405a1",
      "prefix": "49",
      "size": 125,
      "suffix": "dbd82ac393bddef208af7e7414400be59405a1",
      "type": "ref_delta",
    },
    GitObject {
      "bodyOffsetEndIndex": 9278,
      "bodyOffsetStartIndex": 9139,
      "data": undefined,
      "filePath": "gitTest/.git/objects/pack/pack-393d82d9c95f8a620e22ea171f2ab8c4f5986722.pack",
      "hash": "7fa54cb670a9ce076a80b58d0ccc9fb549ff8b25",
      "prefix": "7f",
      "size": 126,
      "suffix": "a54cb670a9ce076a80b58d0ccc9fb549ff8b25",
      "type": "ofs_delta",
    },
    GitObject {
      "bodyOffsetEndIndex": 9325,
      "bodyOffsetStartIndex": 9280,
      "data": undefined,
      "filePath": "gitTest/.git/objects/pack/pack-393d82d9c95f8a620e22ea171f2ab8c4f5986722.pack",
      "hash": "48db54c80b1104990ecaf5f5b048302a8a1ec190",
      "prefix": "48",
      "size": 32,
      "suffix": "db54c80b1104990ecaf5f5b048302a8a1ec190",
      "type": "ofs_delta",
    },
    GitObject {
      "bodyOffsetEndIndex": 9370,
      "bodyOffsetStartIndex": 9327,
      "data": undefined,
      "filePath": "gitTest/.git/objects/pack/pack-393d82d9c95f8a620e22ea171f2ab8c4f5986722.pack",
      "hash": "3b38644ff2aaa9df50a26142335ecaa5fb9263b1",
      "prefix": "3b",
      "size": 32,
      "suffix": "38644ff2aaa9df50a26142335ecaa5fb9263b1",
      "type": "ofs_delta",
    },
    GitObject {
      "bodyOffsetEndIndex": 9417,
      "bodyOffsetStartIndex": 9372,
      "data": undefined,
      "filePath": "gitTest/.git/objects/pack/pack-393d82d9c95f8a620e22ea171f2ab8c4f5986722.pack",
      "hash": "6a399506229f7807382fec93d65f1aa06e36e09b",
      "prefix": "6a",
      "size": 32,
      "suffix": "399506229f7807382fec93d65f1aa06e36e09b",
      "type": "ofs_delta",
    },
    GitObject {
      "bodyOffsetEndIndex": 9499,
      "bodyOffsetStartIndex": 9419,
      "data": undefined,
      "filePath": "gitTest/.git/objects/pack/pack-393d82d9c95f8a620e22ea171f2ab8c4f5986722.pack",
      "hash": "c6507450244b64a75a56a7b6802c979293771a72",
      "prefix": "c6",
      "size": 52,
      "suffix": "507450244b64a75a56a7b6802c979293771a72",
      "type": "ref_delta",
    },
    GitObject {
      "bodyOffsetEndIndex": 9580,
      "bodyOffsetStartIndex": 9501,
      "data": undefined,
      "filePath": "gitTest/.git/objects/pack/pack-393d82d9c95f8a620e22ea171f2ab8c4f5986722.pack",
      "hash": "8b2cdedc8bf9d2c5a5a3c22efab049954134b5d5",
      "prefix": "8b",
      "size": 51,
      "suffix": "2cdedc8bf9d2c5a5a3c22efab049954134b5d5",
      "type": "ref_delta",
    },
    GitObject {
      "bodyOffsetEndIndex": 9661,
      "bodyOffsetStartIndex": 9582,
      "data": undefined,
      "filePath": "gitTest/.git/objects/pack/pack-393d82d9c95f8a620e22ea171f2ab8c4f5986722.pack",
      "hash": "dfdefaddcba60259e3301121472b878b56402cd4",
      "prefix": "df",
      "size": 51,
      "suffix": "defaddcba60259e3301121472b878b56402cd4",
      "type": "ref_delta",
    },
    GitObject {
      "bodyOffsetEndIndex": 9742,
      "bodyOffsetStartIndex": 9663,
      "data": undefined,
      "filePath": "gitTest/.git/objects/pack/pack-393d82d9c95f8a620e22ea171f2ab8c4f5986722.pack",
      "hash": "3a348e3bd7e576fdf76e2f5661eecba1a017cb03",
      "prefix": "3a",
      "size": 51,
      "suffix": "348e3bd7e576fdf76e2f5661eecba1a017cb03",
      "type": "ref_delta",
    },
    GitObject {
      "bodyOffsetEndIndex": 9826,
      "bodyOffsetStartIndex": 9744,
      "data": undefined,
      "filePath": "gitTest/.git/objects/pack/pack-393d82d9c95f8a620e22ea171f2ab8c4f5986722.pack",
      "hash": "862fc08eea8823755fffca0812b20aa736180d57",
      "prefix": "86",
      "size": 54,
      "suffix": "2fc08eea8823755fffca0812b20aa736180d57",
      "type": "ref_delta",
    },
    GitObject {
      "bodyOffsetEndIndex": 10054,
      "bodyOffsetStartIndex": 9975,
      "data": undefined,
      "filePath": "gitTest/.git/objects/pack/pack-393d82d9c95f8a620e22ea171f2ab8c4f5986722.pack",
      "hash": "122a097f2675af004ceaa5bf237a62149e8964be",
      "prefix": "12",
      "size": 51,
      "suffix": "2a097f2675af004ceaa5bf237a62149e8964be",
      "type": "ref_delta",
    },
    GitObject {
      "bodyOffsetEndIndex": 10135,
      "bodyOffsetStartIndex": 10056,
      "data": undefined,
      "filePath": "gitTest/.git/objects/pack/pack-393d82d9c95f8a620e22ea171f2ab8c4f5986722.pack",
      "hash": "37ae200d4062a0a6eb79416ce7f5a0e2e14587d5",
      "prefix": "37",
      "size": 51,
      "suffix": "ae200d4062a0a6eb79416ce7f5a0e2e14587d5",
      "type": "ref_delta",
    },
    GitObject {
      "bodyOffsetEndIndex": 10214,
      "bodyOffsetStartIndex": 10137,
      "data": undefined,
      "filePath": "gitTest/.git/objects/pack/pack-393d82d9c95f8a620e22ea171f2ab8c4f5986722.pack",
      "hash": "989eb1f2ce6d0a080808e5996cd089e9e462fc0f",
      "prefix": "98",
      "size": 51,
      "suffix": "9eb1f2ce6d0a080808e5996cd089e9e462fc0f",
      "type": "ref_delta",
    },
    GitObject {
      "bodyOffsetEndIndex": 10300,
      "bodyOffsetStartIndex": 10216,
      "data": undefined,
      "filePath": "gitTest/.git/objects/pack/pack-393d82d9c95f8a620e22ea171f2ab8c4f5986722.pack",
      "hash": "f7588aa4f3ce6411bde6b7d878aac426d59bbe8c",
      "prefix": "f7",
      "size": 53,
      "suffix": "588aa4f3ce6411bde6b7d878aac426d59bbe8c",
      "type": "ref_delta",
    },
    GitObject {
      "bodyOffsetEndIndex": 10422,
      "bodyOffsetStartIndex": 10302,
      "data": undefined,
      "filePath": "gitTest/.git/objects/pack/pack-393d82d9c95f8a620e22ea171f2ab8c4f5986722.pack",
      "hash": "bcb18f5dee42d2d32ff60feab662cd87860933c6",
      "prefix": "bc",
      "size": 108,
      "suffix": "b18f5dee42d2d32ff60feab662cd87860933c6",
      "type": "ofs_delta",
    },
    GitObject {
      "bodyOffsetEndIndex": 10468,
      "bodyOffsetStartIndex": 10424,
      "data": undefined,
      "filePath": "gitTest/.git/objects/pack/pack-393d82d9c95f8a620e22ea171f2ab8c4f5986722.pack",
      "hash": "6e0ce9aaf5929a280cebea5f2aa259e9f57ea623",
      "prefix": "6e",
      "size": 32,
      "suffix": "0ce9aaf5929a280cebea5f2aa259e9f57ea623",
      "type": "ofs_delta",
    },
    GitObject {
      "bodyOffsetEndIndex": 11202,
      "bodyOffsetStartIndex": 11115,
      "data": undefined,
      "filePath": "gitTest/.git/objects/pack/pack-393d82d9c95f8a620e22ea171f2ab8c4f5986722.pack",
      "hash": "28c59e97e674e0fbf6edcf69d06012b97d505d41",
      "prefix": "28",
      "size": 58,
      "suffix": "c59e97e674e0fbf6edcf69d06012b97d505d41",
      "type": "ref_delta",
    },
    GitObject {
      "bodyOffsetEndIndex": 12011,
      "bodyOffsetStartIndex": 11204,
      "data": undefined,
      "filePath": "gitTest/.git/objects/pack/pack-393d82d9c95f8a620e22ea171f2ab8c4f5986722.pack",
      "hash": "5c254b9e21385728760d5626f2f6985cf7837f3b",
      "prefix": "5c",
      "size": 1415,
      "suffix": "254b9e21385728760d5626f2f6985cf7837f3b",
      "type": "ref_delta",
    },
    GitObject {
      "bodyOffsetEndIndex": 13275,
      "bodyOffsetStartIndex": 13104,
      "data": undefined,
      "filePath": "gitTest/.git/objects/pack/pack-393d82d9c95f8a620e22ea171f2ab8c4f5986722.pack",
      "hash": "da2f4f3fd6c7f0f91da87f89bf7c45e9d5faa278",
      "prefix": "da",
      "size": 140,
      "suffix": "2f4f3fd6c7f0f91da87f89bf7c45e9d5faa278",
      "type": "ref_delta",
    },
    GitObject {
      "bodyOffsetEndIndex": 13347,
      "bodyOffsetStartIndex": 13277,
      "data": undefined,
      "filePath": "gitTest/.git/objects/pack/pack-393d82d9c95f8a620e22ea171f2ab8c4f5986722.pack",
      "hash": "5209ccb7b5901fe4b2e6411371e317d87ba5bfaa",
      "prefix": "52",
      "size": 57,
      "suffix": "09ccb7b5901fe4b2e6411371e317d87ba5bfaa",
      "type": "ofs_delta",
    },
    GitObject {
      "bodyOffsetEndIndex": 13395,
      "bodyOffsetStartIndex": 13349,
      "data": undefined,
      "filePath": "gitTest/.git/objects/pack/pack-393d82d9c95f8a620e22ea171f2ab8c4f5986722.pack",
      "hash": "918d4283cf23a5c8fbe39c8925b477dc318b498e",
      "prefix": "91",
      "size": 33,
      "suffix": "8d4283cf23a5c8fbe39c8925b477dc318b498e",
      "type": "ofs_delta",
    },
    GitObject {
      "bodyOffsetEndIndex": 13499,
      "bodyOffsetStartIndex": 13397,
      "data": undefined,
      "filePath": "gitTest/.git/objects/pack/pack-393d82d9c95f8a620e22ea171f2ab8c4f5986722.pack",
      "hash": "be1a6582a29fc2b9174299ddceca6663ecd7d6d5",
      "prefix": "be",
      "size": 89,
      "suffix": "1a6582a29fc2b9174299ddceca6663ecd7d6d5",
      "type": "ofs_delta",
    },
    GitObject {
      "bodyOffsetEndIndex": 13787,
      "bodyOffsetStartIndex": 13501,
      "data": undefined,
      "filePath": "gitTest/.git/objects/pack/pack-393d82d9c95f8a620e22ea171f2ab8c4f5986722.pack",
      "hash": "4e4c1badd46ec7d7a958534ad8a5da22eab95b22",
      "prefix": "4e",
      "size": 340,
      "suffix": "4c1badd46ec7d7a958534ad8a5da22eab95b22",
      "type": "ref_delta",
    },
    GitObject {
      "bodyOffsetEndIndex": 13846,
      "bodyOffsetStartIndex": 13789,
      "data": undefined,
      "filePath": "gitTest/.git/objects/pack/pack-393d82d9c95f8a620e22ea171f2ab8c4f5986722.pack",
      "hash": "3814cc182f15188fcfb559aaf83788fd8d93d5b4",
      "prefix": "38",
      "size": 44,
      "suffix": "14cc182f15188fcfb559aaf83788fd8d93d5b4",
      "type": "ofs_delta",
    },
    GitObject {
      "bodyOffsetEndIndex": 15065,
      "bodyOffsetStartIndex": 15038,
      "data": undefined,
      "filePath": "gitTest/.git/objects/pack/pack-393d82d9c95f8a620e22ea171f2ab8c4f5986722.pack",
      "hash": "bd27666435ff0139e1d6f4ca523168ac142c28f4",
      "prefix": "bd",
      "size": 17,
      "suffix": "27666435ff0139e1d6f4ca523168ac142c28f4",
      "type": "ofs_delta",
    },
    GitObject {
      "bodyOffsetEndIndex": 15752,
      "bodyOffsetStartIndex": 15513,
      "data": undefined,
      "filePath": "gitTest/.git/objects/pack/pack-393d82d9c95f8a620e22ea171f2ab8c4f5986722.pack",
      "hash": "4ba7da4a1ea18566199031a553ba0f9f8532cec9",
      "prefix": "4b",
      "size": 267,
      "suffix": "a7da4a1ea18566199031a553ba0f9f8532cec9",
      "type": "ofs_delta",
    },
    GitObject {
      "bodyOffsetEndIndex": 15909,
      "bodyOffsetStartIndex": 15754,
      "data": undefined,
      "filePath": "gitTest/.git/objects/pack/pack-393d82d9c95f8a620e22ea171f2ab8c4f5986722.pack",
      "hash": "89c3d3aab44f18b86562a419939c79909c05e86a",
      "prefix": "89",
      "size": 157,
      "suffix": "c3d3aab44f18b86562a419939c79909c05e86a",
      "type": "ref_delta",
    },
    GitObject {
      "bodyOffsetEndIndex": 16081,
      "bodyOffsetStartIndex": 15911,
      "data": undefined,
      "filePath": "gitTest/.git/objects/pack/pack-393d82d9c95f8a620e22ea171f2ab8c4f5986722.pack",
      "hash": "3547b627a461c2e0323d3dd2b542fe5da0ac01df",
      "prefix": "35",
      "size": 211,
      "suffix": "47b627a461c2e0323d3dd2b542fe5da0ac01df",
      "type": "ofs_delta",
    },
    GitObject {
      "bodyOffsetEndIndex": 16871,
      "bodyOffsetStartIndex": 16771,
      "data": undefined,
      "filePath": "gitTest/.git/objects/pack/pack-393d82d9c95f8a620e22ea171f2ab8c4f5986722.pack",
      "hash": "efe3b50059c68a80991e16f09efe4c6dea87d1bf",
      "prefix": "ef",
      "size": 69,
      "suffix": "e3b50059c68a80991e16f09efe4c6dea87d1bf",
      "type": "ref_delta",
    },
    GitObject {
      "bodyOffsetEndIndex": 17003,
      "bodyOffsetStartIndex": 16873,
      "data": undefined,
      "filePath": "gitTest/.git/objects/pack/pack-393d82d9c95f8a620e22ea171f2ab8c4f5986722.pack",
      "hash": "11d91a0b096413ba479f3c395c625ff4b97619d2",
      "prefix": "11",
      "size": 112,
      "suffix": "d91a0b096413ba479f3c395c625ff4b97619d2",
      "type": "ref_delta",
    },
    GitObject {
      "bodyOffsetEndIndex": 17337,
      "bodyOffsetStartIndex": 17005,
      "data": undefined,
      "filePath": "gitTest/.git/objects/pack/pack-393d82d9c95f8a620e22ea171f2ab8c4f5986722.pack",
      "hash": "34b707780297dcdf6bd5e464a3715a5cf4fc7a58",
      "prefix": "34",
      "size": 426,
      "suffix": "b707780297dcdf6bd5e464a3715a5cf4fc7a58",
      "type": "ref_delta",
    },
    GitObject {
      "bodyOffsetEndIndex": 17447,
      "bodyOffsetStartIndex": 17339,
      "data": undefined,
      "filePath": "gitTest/.git/objects/pack/pack-393d82d9c95f8a620e22ea171f2ab8c4f5986722.pack",
      "hash": "5335fd009bd70443faa509a453b411038df20878",
      "prefix": "53",
      "size": 114,
      "suffix": "35fd009bd70443faa509a453b411038df20878",
      "type": "ref_delta",
    },
    GitObject {
      "bodyOffsetEndIndex": 17493,
      "bodyOffsetStartIndex": 17449,
      "data": undefined,
      "filePath": "gitTest/.git/objects/pack/pack-393d82d9c95f8a620e22ea171f2ab8c4f5986722.pack",
      "hash": "b59745c12de5c6447ce1b7c9f1f1f3f9e4de8d49",
      "prefix": "b5",
      "size": 16,
      "suffix": "9745c12de5c6447ce1b7c9f1f1f3f9e4de8d49",
      "type": "ref_delta",
    },
    GitObject {
      "bodyOffsetEndIndex": 18146,
      "bodyOffsetStartIndex": 17495,
      "data": undefined,
      "filePath": "gitTest/.git/objects/pack/pack-393d82d9c95f8a620e22ea171f2ab8c4f5986722.pack",
      "hash": "56b55e33d3a32fbd690731a13de49ccd38fab20f",
      "prefix": "56",
      "size": 1534,
      "suffix": "b55e33d3a32fbd690731a13de49ccd38fab20f",
      "type": "ref_delta",
    },
    GitObject {
      "bodyOffsetEndIndex": 18478,
      "bodyOffsetStartIndex": 18148,
      "data": undefined,
      "filePath": "gitTest/.git/objects/pack/pack-393d82d9c95f8a620e22ea171f2ab8c4f5986722.pack",
      "hash": "11d725dca760196607decfa67fed8fa9559ff001",
      "prefix": "11",
      "size": 548,
      "suffix": "d725dca760196607decfa67fed8fa9559ff001",
      "type": "ofs_delta",
    },
    GitObject {
      "bodyOffsetEndIndex": 18536,
      "bodyOffsetStartIndex": 18480,
      "data": undefined,
      "filePath": "gitTest/.git/objects/pack/pack-393d82d9c95f8a620e22ea171f2ab8c4f5986722.pack",
      "hash": "50d3f5c1693a98756c966d90f9b92d40e8f9b34e",
      "prefix": "50",
      "size": 27,
      "suffix": "d3f5c1693a98756c966d90f9b92d40e8f9b34e",
      "type": "ref_delta",
    },
    GitObject {
      "bodyOffsetEndIndex": 18597,
      "bodyOffsetStartIndex": 18538,
      "data": undefined,
      "filePath": "gitTest/.git/objects/pack/pack-393d82d9c95f8a620e22ea171f2ab8c4f5986722.pack",
      "hash": "79aa11cb397ce2c0818b195c14f9425e4db110a0",
      "prefix": "79",
      "size": 30,
      "suffix": "aa11cb397ce2c0818b195c14f9425e4db110a0",
      "type": "ref_delta",
    },
    GitObject {
      "bodyOffsetEndIndex": 18852,
      "bodyOffsetStartIndex": 18599,
      "data": undefined,
      "filePath": "gitTest/.git/objects/pack/pack-393d82d9c95f8a620e22ea171f2ab8c4f5986722.pack",
      "hash": "538f121b43e99d869d215d87f9586201f6a28ea3",
      "prefix": "53",
      "size": 312,
      "suffix": "8f121b43e99d869d215d87f9586201f6a28ea3",
      "type": "ref_delta",
    },
    GitObject {
      "bodyOffsetEndIndex": 18899,
      "bodyOffsetStartIndex": 18854,
      "data": undefined,
      "filePath": "gitTest/.git/objects/pack/pack-393d82d9c95f8a620e22ea171f2ab8c4f5986722.pack",
      "hash": "0d77b1e656353405f24cd4a83a596f856a3d3403",
      "prefix": "0d",
      "size": 34,
      "suffix": "77b1e656353405f24cd4a83a596f856a3d3403",
      "type": "ofs_delta",
    },
    GitObject {
      "bodyOffsetEndIndex": 19200,
      "bodyOffsetStartIndex": 19133,
      "data": undefined,
      "filePath": "gitTest/.git/objects/pack/pack-393d82d9c95f8a620e22ea171f2ab8c4f5986722.pack",
      "hash": "7d55e5f532a0a9f434fa4960399eb0f2e863c4e8",
      "prefix": "7d",
      "size": 39,
      "suffix": "55e5f532a0a9f434fa4960399eb0f2e863c4e8",
      "type": "ref_delta",
    },
    GitObject {
      "bodyOffsetEndIndex": 19258,
      "bodyOffsetStartIndex": 19202,
      "data": undefined,
      "filePath": "gitTest/.git/objects/pack/pack-393d82d9c95f8a620e22ea171f2ab8c4f5986722.pack",
      "hash": "24cf10f33db3b9195e4b9098c02972276d1897ce",
      "prefix": "24",
      "size": 27,
      "suffix": "cf10f33db3b9195e4b9098c02972276d1897ce",
      "type": "ref_delta",
    },
    GitObject {
      "bodyOffsetEndIndex": 19460,
      "bodyOffsetStartIndex": 19260,
      "data": undefined,
      "filePath": "gitTest/.git/objects/pack/pack-393d82d9c95f8a620e22ea171f2ab8c4f5986722.pack",
      "hash": "344f176cb6f9c4fa7af14cffe9103f11831927b2",
      "prefix": "34",
      "size": 198,
      "suffix": "4f176cb6f9c4fa7af14cffe9103f11831927b2",
      "type": "ref_delta",
    },
    GitObject {
      "bodyOffsetEndIndex": 20809,
      "bodyOffsetStartIndex": 19462,
      "data": undefined,
      "filePath": "gitTest/.git/objects/pack/pack-393d82d9c95f8a620e22ea171f2ab8c4f5986722.pack",
      "hash": "669359e10f74df67461d2920def0187b49301ec0",
      "prefix": "66",
      "size": 1581,
      "suffix": "9359e10f74df67461d2920def0187b49301ec0",
      "type": "ref_delta",
    },
    GitObject {
      "bodyOffsetEndIndex": 20895,
      "bodyOffsetStartIndex": 20811,
      "data": undefined,
      "filePath": "gitTest/.git/objects/pack/pack-393d82d9c95f8a620e22ea171f2ab8c4f5986722.pack",
      "hash": "c618be96bcb08785c788a71fde54a431b065ec94",
      "prefix": "c6",
      "size": 53,
      "suffix": "18be96bcb08785c788a71fde54a431b065ec94",
      "type": "ref_delta",
    },
    GitObject {
      "bodyOffsetEndIndex": 21184,
      "bodyOffsetStartIndex": 20897,
      "data": undefined,
      "filePath": "gitTest/.git/objects/pack/pack-393d82d9c95f8a620e22ea171f2ab8c4f5986722.pack",
      "hash": "079a480b1d24f6c531919a566cf5d5ce3e7d3040",
      "prefix": "07",
      "size": 475,
      "suffix": "9a480b1d24f6c531919a566cf5d5ce3e7d3040",
      "type": "ref_delta",
    },
    GitObject {
      "bodyOffsetEndIndex": 21281,
      "bodyOffsetStartIndex": 21186,
      "data": undefined,
      "filePath": "gitTest/.git/objects/pack/pack-393d82d9c95f8a620e22ea171f2ab8c4f5986722.pack",
      "hash": "b7291c2c97ef0aa28768d4535db6738635074e90",
      "prefix": "b7",
      "size": 92,
      "suffix": "291c2c97ef0aa28768d4535db6738635074e90",
      "type": "ofs_delta",
    },
    GitObject {
      "bodyOffsetEndIndex": 21367,
      "bodyOffsetStartIndex": 21283,
      "data": undefined,
      "filePath": "gitTest/.git/objects/pack/pack-393d82d9c95f8a620e22ea171f2ab8c4f5986722.pack",
      "hash": "17714afd7e71936f955a479499895904e608feb6",
      "prefix": "17",
      "size": 53,
      "suffix": "714afd7e71936f955a479499895904e608feb6",
      "type": "ref_delta",
    },
    GitObject {
      "bodyOffsetEndIndex": 21428,
      "bodyOffsetStartIndex": 21369,
      "data": undefined,
      "filePath": "gitTest/.git/objects/pack/pack-393d82d9c95f8a620e22ea171f2ab8c4f5986722.pack",
      "hash": "512bdce9b426ac2d2a0bda4a140c4b4b419ee7c7",
      "prefix": "51",
      "size": 30,
      "suffix": "2bdce9b426ac2d2a0bda4a140c4b4b419ee7c7",
      "type": "ref_delta",
    },
    GitObject {
      "bodyOffsetEndIndex": 21476,
      "bodyOffsetStartIndex": 21430,
      "data": undefined,
      "filePath": "gitTest/.git/objects/pack/pack-393d82d9c95f8a620e22ea171f2ab8c4f5986722.pack",
      "hash": "06cee0e9a18e2d4fb317b7368577506518ab0c8e",
      "prefix": "06",
      "size": 18,
      "suffix": "cee0e9a18e2d4fb317b7368577506518ab0c8e",
      "type": "ref_delta",
    },
    GitObject {
      "bodyOffsetEndIndex": 21524,
      "bodyOffsetStartIndex": 21478,
      "data": undefined,
      "filePath": "gitTest/.git/objects/pack/pack-393d82d9c95f8a620e22ea171f2ab8c4f5986722.pack",
      "hash": "d81e6143442194569b73800cd70485e5494f99b8",
      "prefix": "d8",
      "size": 18,
      "suffix": "1e6143442194569b73800cd70485e5494f99b8",
      "type": "ref_delta",
    },
    GitObject {
      "bodyOffsetEndIndex": 21589,
      "bodyOffsetStartIndex": 21526,
      "data": undefined,
      "filePath": "gitTest/.git/objects/pack/pack-393d82d9c95f8a620e22ea171f2ab8c4f5986722.pack",
      "hash": "aa3175d729eb969ea715b21cb35ce1302365074b",
      "prefix": "aa",
      "size": 32,
      "suffix": "3175d729eb969ea715b21cb35ce1302365074b",
      "type": "ref_delta",
    },
    GitObject {
      "bodyOffsetEndIndex": 21677,
      "bodyOffsetStartIndex": 21591,
      "data": undefined,
      "filePath": "gitTest/.git/objects/pack/pack-393d82d9c95f8a620e22ea171f2ab8c4f5986722.pack",
      "hash": "0ee6d5ddc65cab2ce86e793a1444df2f50fd70a8",
      "prefix": "0e",
      "size": 55,
      "suffix": "e6d5ddc65cab2ce86e793a1444df2f50fd70a8",
      "type": "ref_delta",
    },
    GitObject {
      "bodyOffsetEndIndex": 21749,
      "bodyOffsetStartIndex": 21679,
      "data": undefined,
      "filePath": "gitTest/.git/objects/pack/pack-393d82d9c95f8a620e22ea171f2ab8c4f5986722.pack",
      "hash": "44ac448f2bbb495864fedcde42967ea38cce2e58",
      "prefix": "44",
      "size": 42,
      "suffix": "ac448f2bbb495864fedcde42967ea38cce2e58",
      "type": "ref_delta",
    },
    GitObject {
      "bodyOffsetEndIndex": 21853,
      "bodyOffsetStartIndex": 21751,
      "data": undefined,
      "filePath": "gitTest/.git/objects/pack/pack-393d82d9c95f8a620e22ea171f2ab8c4f5986722.pack",
      "hash": "810f70d38db7e8716b54b8cd08363fd4a7cb69c5",
      "prefix": "81",
      "size": 71,
      "suffix": "0f70d38db7e8716b54b8cd08363fd4a7cb69c5",
      "type": "ref_delta",
    },
    GitObject {
      "bodyOffsetEndIndex": 21977,
      "bodyOffsetStartIndex": 21855,
      "data": undefined,
      "filePath": "gitTest/.git/objects/pack/pack-393d82d9c95f8a620e22ea171f2ab8c4f5986722.pack",
      "hash": "1af5f12ce78d6def123e25b8205e583f6268036c",
      "prefix": "1a",
      "size": 109,
      "suffix": "f5f12ce78d6def123e25b8205e583f6268036c",
      "type": "ref_delta",
    },
    GitObject {
      "bodyOffsetEndIndex": 22072,
      "bodyOffsetStartIndex": 21979,
      "data": undefined,
      "filePath": "gitTest/.git/objects/pack/pack-393d82d9c95f8a620e22ea171f2ab8c4f5986722.pack",
      "hash": "a2d73198e4a8bbe7c773b1c259d37a84f0be54df",
      "prefix": "a2",
      "size": 77,
      "suffix": "d73198e4a8bbe7c773b1c259d37a84f0be54df",
      "type": "ref_delta",
    },
    GitObject {
      "bodyOffsetEndIndex": 22145,
      "bodyOffsetStartIndex": 22074,
      "data": undefined,
      "filePath": "gitTest/.git/objects/pack/pack-393d82d9c95f8a620e22ea171f2ab8c4f5986722.pack",
      "hash": "aca22e45d4d0f28429931fe0eefbb5197e41235d",
      "prefix": "ac",
      "size": 43,
      "suffix": "a22e45d4d0f28429931fe0eefbb5197e41235d",
      "type": "ref_delta",
    },
    GitObject {
      "bodyOffsetEndIndex": 22236,
      "bodyOffsetStartIndex": 22147,
      "data": undefined,
      "filePath": "gitTest/.git/objects/pack/pack-393d82d9c95f8a620e22ea171f2ab8c4f5986722.pack",
      "hash": "c5b7fd282095c292fe3c0e142c610e972e52ba9d",
      "prefix": "c5",
      "size": 58,
      "suffix": "b7fd282095c292fe3c0e142c610e972e52ba9d",
      "type": "ref_delta",
    },
    GitObject {
      "bodyOffsetEndIndex": 22503,
      "bodyOffsetStartIndex": 22238,
      "data": undefined,
      "filePath": "gitTest/.git/objects/pack/pack-393d82d9c95f8a620e22ea171f2ab8c4f5986722.pack",
      "hash": "8cd2d74e17b172edc8bf632a6279138a695ffee4",
      "prefix": "8c",
      "size": 283,
      "suffix": "d2d74e17b172edc8bf632a6279138a695ffee4",
      "type": "ref_delta",
    },
    GitObject {
      "bodyOffsetEndIndex": 257696,
      "bodyOffsetStartIndex": 257491,
      "data": undefined,
      "filePath": "gitTest/.git/objects/pack/pack-393d82d9c95f8a620e22ea171f2ab8c4f5986722.pack",
      "hash": "be84d3900e397564ab3b5499c4615d6baa00e966",
      "prefix": "be",
      "size": 209,
      "suffix": "84d3900e397564ab3b5499c4615d6baa00e966",
      "type": "ref_delta",
    },
    GitObject {
      "bodyOffsetEndIndex": 258124,
      "bodyOffsetStartIndex": 257698,
      "data": undefined,
      "filePath": "gitTest/.git/objects/pack/pack-393d82d9c95f8a620e22ea171f2ab8c4f5986722.pack",
      "hash": "9cbc2392e33f596a4a4800b26be2d511d04d34f8",
      "prefix": "9c",
      "size": 1085,
      "suffix": "bc2392e33f596a4a4800b26be2d511d04d34f8",
      "type": "ref_delta",
    },
    GitObject {
      "bodyOffsetEndIndex": 258857,
      "bodyOffsetStartIndex": 258796,
      "data": undefined,
      "filePath": "gitTest/.git/objects/pack/pack-393d82d9c95f8a620e22ea171f2ab8c4f5986722.pack",
      "hash": "2b17e99a95435fa5ba7c0637603fbd5c6d1fec81",
      "prefix": "2b",
      "size": 32,
      "suffix": "17e99a95435fa5ba7c0637603fbd5c6d1fec81",
      "type": "ref_delta",
    },
    GitObject {
      "bodyOffsetEndIndex": 258920,
      "bodyOffsetStartIndex": 258859,
      "data": undefined,
      "filePath": "gitTest/.git/objects/pack/pack-393d82d9c95f8a620e22ea171f2ab8c4f5986722.pack",
      "hash": "5733b7c3a9d7d7086ad74f84c9f0268d52413673",
      "prefix": "57",
      "size": 32,
      "suffix": "33b7c3a9d7d7086ad74f84c9f0268d52413673",
      "type": "ref_delta",
    },
    GitObject {
      "bodyOffsetEndIndex": 258983,
      "bodyOffsetStartIndex": 258922,
      "data": undefined,
      "filePath": "gitTest/.git/objects/pack/pack-393d82d9c95f8a620e22ea171f2ab8c4f5986722.pack",
      "hash": "13414b05034cb18d8479b61fe0ce222f78436758",
      "prefix": "13",
      "size": 32,
      "suffix": "414b05034cb18d8479b61fe0ce222f78436758",
      "type": "ref_delta",
    },
  ],
  "packOriginalObjects": [
    GitObject {
      "bodyOffsetEndIndex": 599,
      "bodyOffsetStartIndex": 14,
      "data": undefined,
      "filePath": "gitTest/.git/objects/pack/pack-393d82d9c95f8a620e22ea171f2ab8c4f5986722.pack",
      "hash": "d320187fa4900a66607c1cba6cc0fa0ba42e8b50",
      "prefix": "d3",
      "size": 765,
      "suffix": "20187fa4900a66607c1cba6cc0fa0ba42e8b50",
      "type": "commit_delta",
    },
    GitObject {
      "bodyOffsetEndIndex": 777,
      "bodyOffsetStartIndex": 601,
      "data": undefined,
      "filePath": "gitTest/.git/objects/pack/pack-393d82d9c95f8a620e22ea171f2ab8c4f5986722.pack",
      "hash": "a7c6a8abd3505600618fa6d44c928736ddb5170e",
      "prefix": "a7",
      "size": 256,
      "suffix": "c6a8abd3505600618fa6d44c928736ddb5170e",
      "type": "commit_delta",
    },
    GitObject {
      "bodyOffsetEndIndex": 973,
      "bodyOffsetStartIndex": 779,
      "data": undefined,
      "filePath": "gitTest/.git/objects/pack/pack-393d82d9c95f8a620e22ea171f2ab8c4f5986722.pack",
      "hash": "fab02a4c4b16e614051046e9ba2aa30cc9a61f40",
      "prefix": "fa",
      "size": 274,
      "suffix": "b02a4c4b16e614051046e9ba2aa30cc9a61f40",
      "type": "commit_delta",
    },
    GitObject {
      "bodyOffsetEndIndex": 1191,
      "bodyOffsetStartIndex": 975,
      "data": undefined,
      "filePath": "gitTest/.git/objects/pack/pack-393d82d9c95f8a620e22ea171f2ab8c4f5986722.pack",
      "hash": "93441df3db079722281b880d6df6d1a44d69fb98",
      "prefix": "93",
      "size": 309,
      "suffix": "441df3db079722281b880d6df6d1a44d69fb98",
      "type": "commit_delta",
    },
    GitObject {
      "bodyOffsetEndIndex": 1384,
      "bodyOffsetStartIndex": 1193,
      "data": undefined,
      "filePath": "gitTest/.git/objects/pack/pack-393d82d9c95f8a620e22ea171f2ab8c4f5986722.pack",
      "hash": "74f4c353223552cc552476d834e598343a48765c",
      "prefix": "74",
      "size": 269,
      "suffix": "f4c353223552cc552476d834e598343a48765c",
      "type": "commit_delta",
    },
    GitObject {
      "bodyOffsetEndIndex": 1602,
      "bodyOffsetStartIndex": 1386,
      "data": undefined,
      "filePath": "gitTest/.git/objects/pack/pack-393d82d9c95f8a620e22ea171f2ab8c4f5986722.pack",
      "hash": "22683e9f262305abdf12564c799569ea50fcb391",
      "prefix": "22",
      "size": 309,
      "suffix": "683e9f262305abdf12564c799569ea50fcb391",
      "type": "commit_delta",
    },
    GitObject {
      "bodyOffsetEndIndex": 1804,
      "bodyOffsetStartIndex": 1604,
      "data": undefined,
      "filePath": "gitTest/.git/objects/pack/pack-393d82d9c95f8a620e22ea171f2ab8c4f5986722.pack",
      "hash": "26f91147a312b878961d9a30015d5ce6008d2964",
      "prefix": "26",
      "size": 288,
      "suffix": "f91147a312b878961d9a30015d5ce6008d2964",
      "type": "commit_delta",
    },
    GitObject {
      "bodyOffsetEndIndex": 2524,
      "bodyOffsetStartIndex": 1806,
      "data": undefined,
      "filePath": "gitTest/.git/objects/pack/pack-393d82d9c95f8a620e22ea171f2ab8c4f5986722.pack",
      "hash": "682f846435ad885d783efb37304f85a21b663669",
      "prefix": "68",
      "size": 1114,
      "suffix": "2f846435ad885d783efb37304f85a21b663669",
      "type": "commit_delta",
    },
    GitObject {
      "bodyOffsetEndIndex": 3140,
      "bodyOffsetStartIndex": 2526,
      "data": undefined,
      "filePath": "gitTest/.git/objects/pack/pack-393d82d9c95f8a620e22ea171f2ab8c4f5986722.pack",
      "hash": "5883fe0adf4253726c4992104cb1e92bb2018140",
      "prefix": "58",
      "size": 814,
      "suffix": "83fe0adf4253726c4992104cb1e92bb2018140",
      "type": "commit_delta",
    },
    GitObject {
      "bodyOffsetEndIndex": 3315,
      "bodyOffsetStartIndex": 3142,
      "data": undefined,
      "filePath": "gitTest/.git/objects/pack/pack-393d82d9c95f8a620e22ea171f2ab8c4f5986722.pack",
      "hash": "d0ad7f89b728b256000b03819019d69c169b738a",
      "prefix": "d0",
      "size": 262,
      "suffix": "ad7f89b728b256000b03819019d69c169b738a",
      "type": "commit_delta",
    },
    GitObject {
      "bodyOffsetEndIndex": 3454,
      "bodyOffsetStartIndex": 3317,
      "data": undefined,
      "filePath": "gitTest/.git/objects/pack/pack-393d82d9c95f8a620e22ea171f2ab8c4f5986722.pack",
      "hash": "903edd43e3e943819135e0ab70c3fabe61c4a180",
      "prefix": "90",
      "size": 150,
      "suffix": "3edd43e3e943819135e0ab70c3fabe61c4a180",
      "type": "tag_delta",
    },
    GitObject {
      "bodyOffsetEndIndex": 3692,
      "bodyOffsetStartIndex": 3456,
      "data": undefined,
      "filePath": "gitTest/.git/objects/pack/pack-393d82d9c95f8a620e22ea171f2ab8c4f5986722.pack",
      "hash": "12a29977e5616e0a73b45ec251ed6fa2f64c9759",
      "prefix": "12",
      "size": 267,
      "suffix": "a29977e5616e0a73b45ec251ed6fa2f64c9759",
      "type": "tree_delta",
    },
    GitObject {
      "bodyOffsetEndIndex": 3781,
      "bodyOffsetStartIndex": 3694,
      "data": undefined,
      "filePath": "gitTest/.git/objects/pack/pack-393d82d9c95f8a620e22ea171f2ab8c4f5986722.pack",
      "hash": "7237e9ab83f8238d23bbe358122bac55a1a22c48",
      "prefix": "72",
      "size": 79,
      "suffix": "37e9ab83f8238d23bbe358122bac55a1a22c48",
      "type": "tree_delta",
    },
    GitObject {
      "bodyOffsetEndIndex": 3871,
      "bodyOffsetStartIndex": 3783,
      "data": undefined,
      "filePath": "gitTest/.git/objects/pack/pack-393d82d9c95f8a620e22ea171f2ab8c4f5986722.pack",
      "hash": "b901fb6f094800b63fa73b6337c1823dd5765378",
      "prefix": "b9",
      "size": 93,
      "suffix": "01fb6f094800b63fa73b6337c1823dd5765378",
      "type": "tree_delta",
    },
    GitObject {
      "bodyOffsetEndIndex": 4732,
      "bodyOffsetStartIndex": 3873,
      "data": undefined,
      "filePath": "gitTest/.git/objects/pack/pack-393d82d9c95f8a620e22ea171f2ab8c4f5986722.pack",
      "hash": "3db1cded309c26ae02c53fe7fc6157296725e593",
      "prefix": "3d",
      "size": 1074,
      "suffix": "b1cded309c26ae02c53fe7fc6157296725e593",
      "type": "tree_delta",
    },
    GitObject {
      "bodyOffsetEndIndex": 6385,
      "bodyOffsetStartIndex": 4735,
      "data": undefined,
      "filePath": "gitTest/.git/objects/pack/pack-393d82d9c95f8a620e22ea171f2ab8c4f5986722.pack",
      "hash": "552c8ae9cdf12f0511b1ab8346410e1e46d96b0e",
      "prefix": "55",
      "size": 2325,
      "suffix": "2c8ae9cdf12f0511b1ab8346410e1e46d96b0e",
      "type": "tree_delta",
    },
    GitObject {
      "bodyOffsetEndIndex": 6499,
      "bodyOffsetStartIndex": 6387,
      "data": undefined,
      "filePath": "gitTest/.git/objects/pack/pack-393d82d9c95f8a620e22ea171f2ab8c4f5986722.pack",
      "hash": "4d5658e19202031e23f87646319734275e7d5720",
      "prefix": "4d",
      "size": 123,
      "suffix": "5658e19202031e23f87646319734275e7d5720",
      "type": "tree_delta",
    },
    GitObject {
      "bodyOffsetEndIndex": 7352,
      "bodyOffsetStartIndex": 6880,
      "data": undefined,
      "filePath": "gitTest/.git/objects/pack/pack-393d82d9c95f8a620e22ea171f2ab8c4f5986722.pack",
      "hash": "bee747c9ce74171fa16d275f2c84e94ece95c6e8",
      "prefix": "be",
      "size": 528,
      "suffix": "e747c9ce74171fa16d275f2c84e94ece95c6e8",
      "type": "tree_delta",
    },
    GitObject {
      "bodyOffsetEndIndex": 8232,
      "bodyOffsetStartIndex": 7354,
      "data": undefined,
      "filePath": "gitTest/.git/objects/pack/pack-393d82d9c95f8a620e22ea171f2ab8c4f5986722.pack",
      "hash": "842c9bc09e5e693652d6459e0745a10464e0d513",
      "prefix": "84",
      "size": 1155,
      "suffix": "2c9bc09e5e693652d6459e0745a10464e0d513",
      "type": "tree_delta",
    },
    GitObject {
      "bodyOffsetEndIndex": 8520,
      "bodyOffsetStartIndex": 8234,
      "data": undefined,
      "filePath": "gitTest/.git/objects/pack/pack-393d82d9c95f8a620e22ea171f2ab8c4f5986722.pack",
      "hash": "8d656b245e8cdd70de96ab2db79dad1a0b3151ed",
      "prefix": "8d",
      "size": 319,
      "suffix": "656b245e8cdd70de96ab2db79dad1a0b3151ed",
      "type": "tree_delta",
    },
    GitObject {
      "bodyOffsetEndIndex": 8613,
      "bodyOffsetStartIndex": 8522,
      "data": undefined,
      "filePath": "gitTest/.git/objects/pack/pack-393d82d9c95f8a620e22ea171f2ab8c4f5986722.pack",
      "hash": "9bb9e44be3bd13df3b34bdd0b5e58d79d9981c59",
      "prefix": "9b",
      "size": 83,
      "suffix": "b9e44be3bd13df3b34bdd0b5e58d79d9981c59",
      "type": "tree_delta",
    },
    GitObject {
      "bodyOffsetEndIndex": 9973,
      "bodyOffsetStartIndex": 9828,
      "data": undefined,
      "filePath": "gitTest/.git/objects/pack/pack-393d82d9c95f8a620e22ea171f2ab8c4f5986722.pack",
      "hash": "72b28a4c9721f574fef0433a8c11c1fb68e8314d",
      "prefix": "72",
      "size": 174,
      "suffix": "b28a4c9721f574fef0433a8c11c1fb68e8314d",
      "type": "blob_delta",
    },
    GitObject {
      "bodyOffsetEndIndex": 11113,
      "bodyOffsetStartIndex": 10470,
      "data": undefined,
      "filePath": "gitTest/.git/objects/pack/pack-393d82d9c95f8a620e22ea171f2ab8c4f5986722.pack",
      "hash": "b295af174a0d735c70ce520131eb840d70d7967b",
      "prefix": "b2",
      "size": 1480,
      "suffix": "95af174a0d735c70ce520131eb840d70d7967b",
      "type": "blob_delta",
    },
    GitObject {
      "bodyOffsetEndIndex": 13102,
      "bodyOffsetStartIndex": 12014,
      "data": undefined,
      "filePath": "gitTest/.git/objects/pack/pack-393d82d9c95f8a620e22ea171f2ab8c4f5986722.pack",
      "hash": "7f6f8ee22dc7224c1bcde2902b93cc2f34a2127b",
      "prefix": "7f",
      "size": 2602,
      "suffix": "6f8ee22dc7224c1bcde2902b93cc2f34a2127b",
      "type": "blob_delta",
    },
    GitObject {
      "bodyOffsetEndIndex": 15036,
      "bodyOffsetStartIndex": 13849,
      "data": undefined,
      "filePath": "gitTest/.git/objects/pack/pack-393d82d9c95f8a620e22ea171f2ab8c4f5986722.pack",
      "hash": "e39ea4e18a21a3f41ac59dcfabe9ac5954ee96df",
      "prefix": "e3",
      "size": 3953,
      "suffix": "9ea4e18a21a3f41ac59dcfabe9ac5954ee96df",
      "type": "blob_delta",
    },
    GitObject {
      "bodyOffsetEndIndex": 15511,
      "bodyOffsetStartIndex": 15067,
      "data": undefined,
      "filePath": "gitTest/.git/objects/pack/pack-393d82d9c95f8a620e22ea171f2ab8c4f5986722.pack",
      "hash": "3c5a6bd7d7d563b2da1c5f27b50a7d7aef728161",
      "prefix": "3c",
      "size": 917,
      "suffix": "5a6bd7d7d563b2da1c5f27b50a7d7aef728161",
      "type": "blob_delta",
    },
    GitObject {
      "bodyOffsetEndIndex": 16383,
      "bodyOffsetStartIndex": 16083,
      "data": undefined,
      "filePath": "gitTest/.git/objects/pack/pack-393d82d9c95f8a620e22ea171f2ab8c4f5986722.pack",
      "hash": "b02bc5bd3f6e4c6dd357cab8eb8e4f84ff1f03d0",
      "prefix": "b0",
      "size": 574,
      "suffix": "2bc5bd3f6e4c6dd357cab8eb8e4f84ff1f03d0",
      "type": "blob_delta",
    },
    GitObject {
      "bodyOffsetEndIndex": 16769,
      "bodyOffsetStartIndex": 16385,
      "data": undefined,
      "filePath": "gitTest/.git/objects/pack/pack-393d82d9c95f8a620e22ea171f2ab8c4f5986722.pack",
      "hash": "a28d126b15da78e68ff8b49454275fa330a84f80",
      "prefix": "a2",
      "size": 854,
      "suffix": "8d126b15da78e68ff8b49454275fa330a84f80",
      "type": "blob_delta",
    },
    GitObject {
      "bodyOffsetEndIndex": 19131,
      "bodyOffsetStartIndex": 18901,
      "data": undefined,
      "filePath": "gitTest/.git/objects/pack/pack-393d82d9c95f8a620e22ea171f2ab8c4f5986722.pack",
      "hash": "8ab96d24d34550682c693e482f53268b1c91659a",
      "prefix": "8a",
      "size": 437,
      "suffix": "b96d24d34550682c693e482f53268b1c91659a",
      "type": "blob_delta",
    },
    GitObject {
      "bodyOffsetEndIndex": 257489,
      "bodyOffsetStartIndex": 22507,
      "data": undefined,
      "filePath": "gitTest/.git/objects/pack/pack-393d82d9c95f8a620e22ea171f2ab8c4f5986722.pack",
      "hash": "ae4377dea70587cc24d02ddb56a2f834f41a856e",
      "prefix": "ae",
      "size": 597594,
      "suffix": "4377dea70587cc24d02ddb56a2f834f41a856e",
      "type": "blob_delta",
    },
    GitObject {
      "bodyOffsetEndIndex": 258677,
      "bodyOffsetStartIndex": 258126,
      "data": undefined,
      "filePath": "gitTest/.git/objects/pack/pack-393d82d9c95f8a620e22ea171f2ab8c4f5986722.pack",
      "hash": "d9fa527f25671297db083af7d086937af909fb0c",
      "prefix": "d9",
      "size": 1519,
      "suffix": "fa527f25671297db083af7d086937af909fb0c",
      "type": "blob_delta",
    },
    GitObject {
      "bodyOffsetEndIndex": 258794,
      "bodyOffsetStartIndex": 258679,
      "data": undefined,
      "filePath": "gitTest/.git/objects/pack/pack-393d82d9c95f8a620e22ea171f2ab8c4f5986722.pack",
      "hash": "78ac0c15b496ebb741bced8dfcc951002db60d30",
      "prefix": "78",
      "size": 192,
      "suffix": "ac0c15b496ebb741bced8dfcc951002db60d30",
      "type": "blob_delta",
    },
    GitObject {
      "bodyOffsetEndIndex": 259846,
      "bodyOffsetStartIndex": 258985,
      "data": undefined,
      "filePath": "gitTest/.git/objects/pack/pack-393d82d9c95f8a620e22ea171f2ab8c4f5986722.pack",
      "hash": "08e94634011b7a51f190c6854dc9179346f43f0f",
      "prefix": "08",
      "size": 1074,
      "suffix": "e94634011b7a51f190c6854dc9179346f43f0f",
      "type": "tree_delta",
    },
    GitObject {
      "bodyOffsetEndIndex": 260350,
      "bodyOffsetStartIndex": 259848,
      "data": undefined,
      "filePath": "gitTest/.git/objects/pack/pack-393d82d9c95f8a620e22ea171f2ab8c4f5986722.pack",
      "hash": "179da82c3d59f35edf1b02cff91173ad3e0c08d2",
      "prefix": "17",
      "size": 561,
      "suffix": "9da82c3d59f35edf1b02cff91173ad3e0c08d2",
      "type": "tree_delta",
    },
    GitObject {
      "bodyOffsetEndIndex": 261261,
      "bodyOffsetStartIndex": 260352,
      "data": undefined,
      "filePath": "gitTest/.git/objects/pack/pack-393d82d9c95f8a620e22ea171f2ab8c4f5986722.pack",
      "hash": "985d0e296c3d0dbbc5f91419dd69970d3c003989",
      "prefix": "98",
      "size": 1215,
      "suffix": "5d0e296c3d0dbbc5f91419dd69970d3c003989",
      "type": "tree_delta",
    },
    GitObject {
      "bodyOffsetEndIndex": 264522,
      "bodyOffsetStartIndex": 261264,
      "data": undefined,
      "filePath": "gitTest/.git/objects/pack/pack-393d82d9c95f8a620e22ea171f2ab8c4f5986722.pack",
      "hash": "8495a38f22b1e41bd3309dda9ec621c93eb38db7",
      "prefix": "84",
      "size": 10662,
      "suffix": "95a38f22b1e41bd3309dda9ec621c93eb38db7",
      "type": "blob_delta",
    },
    GitObject {
      "bodyOffsetEndIndex": 266318,
      "bodyOffsetStartIndex": 264525,
      "data": undefined,
      "filePath": "gitTest/.git/objects/pack/pack-393d82d9c95f8a620e22ea171f2ab8c4f5986722.pack",
      "hash": "54d1a6139c2b346aa980c125be2765e744685605",
      "prefix": "54",
      "size": 5318,
      "suffix": "d1a6139c2b346aa980c125be2765e744685605",
      "type": "blob_delta",
    },
    GitObject {
      "bodyOffsetEndIndex": 266842,
      "bodyOffsetStartIndex": 266320,
      "data": undefined,
      "filePath": "gitTest/.git/objects/pack/pack-393d82d9c95f8a620e22ea171f2ab8c4f5986722.pack",
      "hash": "3702be5ff06fb144378d64ac5b084f6dc946a8c8",
      "prefix": "37",
      "size": 1078,
      "suffix": "02be5ff06fb144378d64ac5b084f6dc946a8c8",
      "type": "blob_delta",
    },
    GitObject {
      "bodyOffsetEndIndex": 267359,
      "bodyOffsetStartIndex": 266844,
      "data": undefined,
      "filePath": "gitTest/.git/objects/pack/pack-393d82d9c95f8a620e22ea171f2ab8c4f5986722.pack",
      "hash": "56a6f8a06db890d32fbc2aad0a35d4cb4190d0fa",
      "prefix": "56",
      "size": 983,
      "suffix": "a6f8a06db890d32fbc2aad0a35d4cb4190d0fa",
      "type": "blob_delta",
    },
    GitObject {
      "bodyOffsetEndIndex": 267872,
      "bodyOffsetStartIndex": 267361,
      "data": undefined,
      "filePath": "gitTest/.git/objects/pack/pack-393d82d9c95f8a620e22ea171f2ab8c4f5986722.pack",
      "hash": "18d2339719e622a72d22c5a2f27511ebbce75c52",
      "prefix": "18",
      "size": 987,
      "suffix": "d2339719e622a72d22c5a2f27511ebbce75c52",
      "type": "blob_delta",
    },
    GitObject {
      "bodyOffsetEndIndex": 268385,
      "bodyOffsetStartIndex": 267874,
      "data": undefined,
      "filePath": "gitTest/.git/objects/pack/pack-393d82d9c95f8a620e22ea171f2ab8c4f5986722.pack",
      "hash": "5dd0739769fc601b8262cb59fcddceaff52111e3",
      "prefix": "5d",
      "size": 1001,
      "suffix": "d0739769fc601b8262cb59fcddceaff52111e3",
      "type": "blob_delta",
    },
    GitObject {
      "bodyOffsetEndIndex": 269060,
      "bodyOffsetStartIndex": 268387,
      "data": undefined,
      "filePath": "gitTest/.git/objects/pack/pack-393d82d9c95f8a620e22ea171f2ab8c4f5986722.pack",
      "hash": "2684a9b598d6cf90a1db78cf83b80d4b48b5dd54",
      "prefix": "26",
      "size": 1250,
      "suffix": "84a9b598d6cf90a1db78cf83b80d4b48b5dd54",
      "type": "blob_delta",
    },
    GitObject {
      "bodyOffsetEndIndex": 269577,
      "bodyOffsetStartIndex": 269062,
      "data": undefined,
      "filePath": "gitTest/.git/objects/pack/pack-393d82d9c95f8a620e22ea171f2ab8c4f5986722.pack",
      "hash": "8eb6e08c3c7bb8ffb2128457e6e35a72a2dd5fed",
      "prefix": "8e",
      "size": 975,
      "suffix": "b6e08c3c7bb8ffb2128457e6e35a72a2dd5fed",
      "type": "blob_delta",
    },
    GitObject {
      "bodyOffsetEndIndex": 270095,
      "bodyOffsetStartIndex": 269579,
      "data": undefined,
      "filePath": "gitTest/.git/objects/pack/pack-393d82d9c95f8a620e22ea171f2ab8c4f5986722.pack",
      "hash": "0f78b7ad70da37229b8e81eae11f2b0b4e31b393",
      "prefix": "0f",
      "size": 1005,
      "suffix": "78b7ad70da37229b8e81eae11f2b0b4e31b393",
      "type": "blob_delta",
    },
    GitObject {
      "bodyOffsetEndIndex": 271624,
      "bodyOffsetStartIndex": 270098,
      "data": undefined,
      "filePath": "gitTest/.git/objects/pack/pack-393d82d9c95f8a620e22ea171f2ab8c4f5986722.pack",
      "hash": "2faae8f2b8f9ee9b81469a20716d021d1fb3b0e8",
      "prefix": "2f",
      "size": 4528,
      "suffix": "aae8f2b8f9ee9b81469a20716d021d1fb3b0e8",
      "type": "blob_delta",
    },
    GitObject {
      "bodyOffsetEndIndex": 272647,
      "bodyOffsetStartIndex": 271627,
      "data": undefined,
      "filePath": "gitTest/.git/objects/pack/pack-393d82d9c95f8a620e22ea171f2ab8c4f5986722.pack",
      "hash": "f142c44996da91b67f58c9392cdc1dbde330283e",
      "prefix": "f1",
      "size": 2097,
      "suffix": "42c44996da91b67f58c9392cdc1dbde330283e",
      "type": "blob_delta",
    },
    GitObject {
      "bodyOffsetEndIndex": 274227,
      "bodyOffsetStartIndex": 272650,
      "data": undefined,
      "filePath": "gitTest/.git/objects/pack/pack-393d82d9c95f8a620e22ea171f2ab8c4f5986722.pack",
      "hash": "f3e296903303ec4498855e40dbfcac9fef3b71a9",
      "prefix": "f3",
      "size": 4460,
      "suffix": "e296903303ec4498855e40dbfcac9fef3b71a9",
      "type": "blob_delta",
    },
    GitObject {
      "bodyOffsetEndIndex": 274669,
      "bodyOffsetStartIndex": 274229,
      "data": undefined,
      "filePath": "gitTest/.git/objects/pack/pack-393d82d9c95f8a620e22ea171f2ab8c4f5986722.pack",
      "hash": "46eae9755f5b1c4140b20d70b745d51b8b0954b7",
      "prefix": "46",
      "size": 516,
      "suffix": "eae9755f5b1c4140b20d70b745d51b8b0954b7",
      "type": "tree_delta",
    },
    GitObject {
      "bodyOffsetEndIndex": 275676,
      "bodyOffsetStartIndex": 274672,
      "data": undefined,
      "filePath": "gitTest/.git/objects/pack/pack-393d82d9c95f8a620e22ea171f2ab8c4f5986722.pack",
      "hash": "66520c4a3253e894a1043bc377835d97d0678c36",
      "prefix": "66",
      "size": 2660,
      "suffix": "520c4a3253e894a1043bc377835d97d0678c36",
      "type": "blob_delta",
    },
    GitObject {
      "bodyOffsetEndIndex": 275967,
      "bodyOffsetStartIndex": 275678,
      "data": undefined,
      "filePath": "gitTest/.git/objects/pack/pack-393d82d9c95f8a620e22ea171f2ab8c4f5986722.pack",
      "hash": "efaec580082a5bfb5ebb44457266033f87fde832",
      "prefix": "ef",
      "size": 356,
      "suffix": "aec580082a5bfb5ebb44457266033f87fde832",
      "type": "tree_delta",
    },
    GitObject {
      "bodyOffsetEndIndex": 279602,
      "bodyOffsetStartIndex": 275970,
      "data": undefined,
      "filePath": "gitTest/.git/objects/pack/pack-393d82d9c95f8a620e22ea171f2ab8c4f5986722.pack",
      "hash": "97dc25061ab54210d9d6e3aba1232f06a706fd3f",
      "prefix": "97",
      "size": 10699,
      "suffix": "dc25061ab54210d9d6e3aba1232f06a706fd3f",
      "type": "blob_delta",
    },
    GitObject {
      "bodyOffsetEndIndex": 281597,
      "bodyOffsetStartIndex": 279605,
      "data": undefined,
      "filePath": "gitTest/.git/objects/pack/pack-393d82d9c95f8a620e22ea171f2ab8c4f5986722.pack",
      "hash": "81e83072558909118989c236a47a94b27012446a",
      "prefix": "81",
      "size": 5419,
      "suffix": "e83072558909118989c236a47a94b27012446a",
      "type": "blob_delta",
    },
    GitObject {
      "bodyOffsetEndIndex": 283067,
      "bodyOffsetStartIndex": 281600,
      "data": undefined,
      "filePath": "gitTest/.git/objects/pack/pack-393d82d9c95f8a620e22ea171f2ab8c4f5986722.pack",
      "hash": "fdc0418082bccaad352aa5718d1c72e89b65aa70",
      "prefix": "fd",
      "size": 7549,
      "suffix": "c0418082bccaad352aa5718d1c72e89b65aa70",
      "type": "blob_delta",
    },
    GitObject {
      "bodyOffsetEndIndex": 286991,
      "bodyOffsetStartIndex": 283070,
      "data": undefined,
      "filePath": "gitTest/.git/objects/pack/pack-393d82d9c95f8a620e22ea171f2ab8c4f5986722.pack",
      "hash": "4e8367c14306e868b7e2d66590c99d2fea3a093d",
      "prefix": "4e",
      "size": 14323,
      "suffix": "8367c14306e868b7e2d66590c99d2fea3a093d",
      "type": "blob_delta",
    },
    GitObject {
      "bodyOffsetEndIndex": 287198,
      "bodyOffsetStartIndex": 286993,
      "data": undefined,
      "filePath": "gitTest/.git/objects/pack/pack-393d82d9c95f8a620e22ea171f2ab8c4f5986722.pack",
      "hash": "ce55cf891ab66094c07c056f65361aac4801f841",
      "prefix": "ce",
      "size": 211,
      "suffix": "55cf891ab66094c07c056f65361aac4801f841",
      "type": "tree_delta",
    },
    GitObject {
      "bodyOffsetEndIndex": 287325,
      "bodyOffsetStartIndex": 287200,
      "data": undefined,
      "filePath": "gitTest/.git/objects/pack/pack-393d82d9c95f8a620e22ea171f2ab8c4f5986722.pack",
      "hash": "aac56169c58f315014ec162dd2c000b2aae51947",
      "prefix": "aa",
      "size": 144,
      "suffix": "c56169c58f315014ec162dd2c000b2aae51947",
      "type": "tree_delta",
    },
    GitObject {
      "bodyOffsetEndIndex": 288490,
      "bodyOffsetStartIndex": 287328,
      "data": undefined,
      "filePath": "gitTest/.git/objects/pack/pack-393d82d9c95f8a620e22ea171f2ab8c4f5986722.pack",
      "hash": "6e3a77393963c57cc66951d412cfbda3e468ed3e",
      "prefix": "6e",
      "size": 2660,
      "suffix": "3a77393963c57cc66951d412cfbda3e468ed3e",
      "type": "blob_delta",
    },
    GitObject {
      "bodyOffsetEndIndex": 289197,
      "bodyOffsetStartIndex": 288492,
      "data": undefined,
      "filePath": "gitTest/.git/objects/pack/pack-393d82d9c95f8a620e22ea171f2ab8c4f5986722.pack",
      "hash": "9bebc069d47616058c80f6e9e380dc9bec9724f8",
      "prefix": "9b",
      "size": 1295,
      "suffix": "ebc069d47616058c80f6e9e380dc9bec9724f8",
      "type": "blob_delta",
    },
    GitObject {
      "bodyOffsetEndIndex": 289352,
      "bodyOffsetStartIndex": 289199,
      "data": undefined,
      "filePath": "gitTest/.git/objects/pack/pack-393d82d9c95f8a620e22ea171f2ab8c4f5986722.pack",
      "hash": "4f4bd72166aae186bef22f939013471e80b735be",
      "prefix": "4f",
      "size": 157,
      "suffix": "4bd72166aae186bef22f939013471e80b735be",
      "type": "tree_delta",
    },
    GitObject {
      "bodyOffsetEndIndex": 295874,
      "bodyOffsetStartIndex": 289355,
      "data": undefined,
      "filePath": "gitTest/.git/objects/pack/pack-393d82d9c95f8a620e22ea171f2ab8c4f5986722.pack",
      "hash": "fc6b416466f6001b17a0ec657ee7f0634110b7da",
      "prefix": "fc",
      "size": 23228,
      "suffix": "6b416466f6001b17a0ec657ee7f0634110b7da",
      "type": "blob_delta",
    },
    GitObject {
      "bodyOffsetEndIndex": 555484,
      "bodyOffsetStartIndex": 295878,
      "data": undefined,
      "filePath": "gitTest/.git/objects/pack/pack-393d82d9c95f8a620e22ea171f2ab8c4f5986722.pack",
      "hash": "38d8e68c010264b67aeae36604c373f47a803fdf",
      "prefix": "38",
      "size": 597592,
      "suffix": "d8e68c010264b67aeae36604c373f47a803fdf",
      "type": "blob_delta",
    },
    GitObject {
      "bodyOffsetEndIndex": 555725,
      "bodyOffsetStartIndex": 555486,
      "data": undefined,
      "filePath": "gitTest/.git/objects/pack/pack-393d82d9c95f8a620e22ea171f2ab8c4f5986722.pack",
      "hash": "f938203ab5415444dadc171c120594cd17e54c69",
      "prefix": "f9",
      "size": 259,
      "suffix": "38203ab5415444dadc171c120594cd17e54c69",
      "type": "tree_delta",
    },
    GitObject {
      "bodyOffsetEndIndex": 556431,
      "bodyOffsetStartIndex": 555727,
      "data": undefined,
      "filePath": "gitTest/.git/objects/pack/pack-393d82d9c95f8a620e22ea171f2ab8c4f5986722.pack",
      "hash": "8908433ba4b9c1b60dfe29c50c9ffad99411c06f",
      "prefix": "89",
      "size": 860,
      "suffix": "08433ba4b9c1b60dfe29c50c9ffad99411c06f",
      "type": "tree_delta",
    },
    GitObject {
      "bodyOffsetEndIndex": 571716,
      "bodyOffsetStartIndex": 556434,
      "data": undefined,
      "filePath": "gitTest/.git/objects/pack/pack-393d82d9c95f8a620e22ea171f2ab8c4f5986722.pack",
      "hash": "e7c8cc4cea7f95080efe54ddeb3be0ffade56cd5",
      "prefix": "e7",
      "size": 97346,
      "suffix": "c8cc4cea7f95080efe54ddeb3be0ffade56cd5",
      "type": "blob_delta",
    },
    GitObject {
      "bodyOffsetEndIndex": 586997,
      "bodyOffsetStartIndex": 571719,
      "data": undefined,
      "filePath": "gitTest/.git/objects/pack/pack-393d82d9c95f8a620e22ea171f2ab8c4f5986722.pack",
      "hash": "fccf4758810ce45782354947bce9220cc04e69b2",
      "prefix": "fc",
      "size": 97336,
      "suffix": "cf4758810ce45782354947bce9220cc04e69b2",
      "type": "blob_delta",
    },
    GitObject {
      "bodyOffsetEndIndex": 588416,
      "bodyOffsetStartIndex": 587000,
      "data": undefined,
      "filePath": "gitTest/.git/objects/pack/pack-393d82d9c95f8a620e22ea171f2ab8c4f5986722.pack",
      "hash": "4db52ca84535e0238258d61ea421753074a815f1",
      "prefix": "4d",
      "size": 4411,
      "suffix": "b52ca84535e0238258d61ea421753074a815f1",
      "type": "blob_delta",
    },
    GitObject {
      "bodyOffsetEndIndex": 588846,
      "bodyOffsetStartIndex": 588418,
      "data": undefined,
      "filePath": "gitTest/.git/objects/pack/pack-393d82d9c95f8a620e22ea171f2ab8c4f5986722.pack",
      "hash": "0a0f8000c26ad3e49544aedab7807294f5b14218",
      "prefix": "0a",
      "size": 494,
      "suffix": "0f8000c26ad3e49544aedab7807294f5b14218",
      "type": "tree_delta",
    },
    GitObject {
      "bodyOffsetEndIndex": 594579,
      "bodyOffsetStartIndex": 588849,
      "data": undefined,
      "filePath": "gitTest/.git/objects/pack/pack-393d82d9c95f8a620e22ea171f2ab8c4f5986722.pack",
      "hash": "22f8635626d931e5f418ec1db4b0c9c2da027257",
      "prefix": "22",
      "size": 24063,
      "suffix": "f8635626d931e5f418ec1db4b0c9c2da027257",
      "type": "blob_delta",
    },
    GitObject {
      "bodyOffsetEndIndex": 597684,
      "bodyOffsetStartIndex": 594582,
      "data": undefined,
      "filePath": "gitTest/.git/objects/pack/pack-393d82d9c95f8a620e22ea171f2ab8c4f5986722.pack",
      "hash": "c33ddd88308fef24184254bc372b017e8491f535",
      "prefix": "c3",
      "size": 18248,
      "suffix": "3ddd88308fef24184254bc372b017e8491f535",
      "type": "blob_delta",
    },
    GitObject {
      "bodyOffsetEndIndex": 598548,
      "bodyOffsetStartIndex": 597686,
      "data": undefined,
      "filePath": "gitTest/.git/objects/pack/pack-393d82d9c95f8a620e22ea171f2ab8c4f5986722.pack",
      "hash": "6a741fe47e084ca9873197a4855391f9d378e51d",
      "prefix": "6a",
      "size": 1074,
      "suffix": "741fe47e084ca9873197a4855391f9d378e51d",
      "type": "tree_delta",
    },
    GitObject {
      "bodyOffsetEndIndex": 599023,
      "bodyOffsetStartIndex": 598550,
      "data": undefined,
      "filePath": "gitTest/.git/objects/pack/pack-393d82d9c95f8a620e22ea171f2ab8c4f5986722.pack",
      "hash": "20a539cd47d7a9818b4883927fcc91fd88d3f8c4",
      "prefix": "20",
      "size": 528,
      "suffix": "a539cd47d7a9818b4883927fcc91fd88d3f8c4",
      "type": "tree_delta",
    },
    GitObject {
      "bodyOffsetEndIndex": 599908,
      "bodyOffsetStartIndex": 599025,
      "data": undefined,
      "filePath": "gitTest/.git/objects/pack/pack-393d82d9c95f8a620e22ea171f2ab8c4f5986722.pack",
      "hash": "408b2f3267020c80c9ec06ed029f8f642118f7d9",
      "prefix": "40",
      "size": 1155,
      "suffix": "8b2f3267020c80c9ec06ed029f8f642118f7d9",
      "type": "tree_delta",
    },
  ],
}
`;
